// Jest Snapshot v1, https://goo.gl/fbAQLP

exports[`mjml tests should create basic structure and snapshot result 1`] = `
"<!doctype html>
<html xmlns=\\"http://www.w3.org/1999/xhtml\\" xmlns:v=\\"urn:schemas-microsoft-com:vml\\" xmlns:o=\\"urn:schemas-microsoft-com:office:office\\">
  <head>
    <title></title>
    <!--[if !mso]><!-->
    <meta http-equiv=\\"X-UA-Compatible\\" content=\\"IE=edge\\">
    <!--<![endif]-->
    <meta http-equiv=\\"Content-Type\\" content=\\"text/html; charset=UTF-8\\">
    <meta name=\\"viewport\\" content=\\"width=device-width, initial-scale=1\\">
    <style type=\\"text/css\\">
      #outlook a { padding:0; }
      body { margin:0;padding:0;-webkit-text-size-adjust:100%;-ms-text-size-adjust:100%; }
      table, td { border-collapse:collapse;mso-table-lspace:0pt;mso-table-rspace:0pt; }
      img { border:0;height:auto;line-height:100%; outline:none;text-decoration:none;-ms-interpolation-mode:bicubic; }
      p { display:block;margin:13px 0; }
    </style>
    <!--[if mso]>
    <noscript>
    <xml>
    <o:OfficeDocumentSettings>
      <o:AllowPNG/>
      <o:PixelsPerInch>96</o:PixelsPerInch>
    </o:OfficeDocumentSettings>
    </xml>
    </noscript>
    <![endif]-->
    <!--[if lte mso 11]>
    <style type=\\"text/css\\">
      .mj-outlook-group-fix { width:100% !important; }
    </style>
    <![endif]-->
    
      <!--[if !mso]><!-->
        <link href=\\"https://fonts.googleapis.com/css?family=Ubuntu:300,400,500,700\\" rel=\\"stylesheet\\" type=\\"text/css\\">
<link href=\\"https://fonts.googleapis.com/css?family=Barlow\\" rel=\\"stylesheet\\" type=\\"text/css\\">
        <style type=\\"text/css\\">
          @import url(https://fonts.googleapis.com/css?family=Ubuntu:300,400,500,700);
@import url(https://fonts.googleapis.com/css?family=Barlow);
        </style>
      <!--<![endif]-->

    
    
    <style type=\\"text/css\\">
      @media only screen and (min-width:480px) {
        .mj-column-per-100 { width:100% !important; max-width: 100%; }
.mj-column-per-50 { width:50% !important; max-width: 50%; }
.mj-column-per-33-333333333333336 { width:33.333333333333336% !important; max-width: 33.333333333333336%; }
      }
    </style>
    <style media=\\"screen and (min-width:480px)\\">
      .moz-text-html .mj-column-per-100 { width:100% !important; max-width: 100%; }
.moz-text-html .mj-column-per-50 { width:50% !important; max-width: 50%; }
.moz-text-html .mj-column-per-33-333333333333336 { width:33.333333333333336% !important; max-width: 33.333333333333336%; }
    </style>
    
  
    <style type=\\"text/css\\">
    
    

    @media only screen and (max-width:479px) {
      table.mj-full-width-mobile { width: 100% !important; }
      td.mj-full-width-mobile { width: auto !important; }
    }
  
    </style>
    <style type=\\"text/css\\">
    .slogan {
            background: #000;
          }
    </style>
    
  </head>
  <body style=\\"word-spacing:normal;\\">
    
    
      <div
         style=\\"\\"
      >
        <!-- Company Header -->
      
      <!--[if mso | IE]><table align=\\"center\\" border=\\"0\\" cellpadding=\\"0\\" cellspacing=\\"0\\" class=\\"\\" role=\\"presentation\\" style=\\"width:600px;\\" width=\\"600\\" bgcolor=\\"#f0f0f0\\" ><tr><td style=\\"line-height:0px;font-size:0px;mso-line-height-rule:exactly;\\"><![endif]-->
    
      
      <div  style=\\"background:#f0f0f0;background-color:#f0f0f0;margin:0px auto;max-width:600px;\\">
        
        <table
           align=\\"center\\" border=\\"0\\" cellpadding=\\"0\\" cellspacing=\\"0\\" role=\\"presentation\\" style=\\"background:#f0f0f0;background-color:#f0f0f0;width:100%;\\"
        >
          <tbody>
            <tr>
              <td
                 style=\\"direction:ltr;font-size:0px;padding:20px 0;text-align:center;\\"
              >
                <!--[if mso | IE]><table role=\\"presentation\\" border=\\"0\\" cellpadding=\\"0\\" cellspacing=\\"0\\"><tr><td class=\\"\\" style=\\"vertical-align:top;width:600px;\\" ><![endif]-->
            
      <div
         class=\\"mj-column-per-100 mj-outlook-group-fix\\" style=\\"font-size:0px;text-align:left;direction:ltr;display:inline-block;vertical-align:top;width:100%;\\"
      >
        
      <table
         border=\\"0\\" cellpadding=\\"0\\" cellspacing=\\"0\\" role=\\"presentation\\" style=\\"border:10px solid #F45E43;vertical-align:top;\\" width=\\"100%\\"
      >
        <tbody>
          
              <tr>
                <td
                   align=\\"left\\" style=\\"font-size:0px;padding:10px 25px;word-break:break-word;\\"
                >
                  
      <div
         style=\\"font-family:Barlow;font-size:13px;line-height:1;text-align:left;color:#000000;\\"
      >A first line of text</div>
    
                </td>
              </tr>
            
              <tr>
                <td
                   style=\\"font-size:0px;word-break:break-word;\\"
                >
                  
      <div
         style=\\"height:50px;line-height:50px;\\"
      >&#8202;</div>
    
                </td>
              </tr>
            
        </tbody>
      </table>
    
      </div>
    
          <!--[if mso | IE]></td></tr></table><![endif]-->
              </td>
            </tr>
          </tbody>
        </table>
        
      </div>
    
      
      <!--[if mso | IE]></td></tr></table><![endif]-->
    
    <!-- Image Header -->
      
      <!--[if mso | IE]><table align=\\"center\\" border=\\"0\\" cellpadding=\\"0\\" cellspacing=\\"0\\" class=\\"\\" role=\\"presentation\\" style=\\"width:600px;\\" width=\\"600\\" ><tr><td style=\\"line-height:0px;font-size:0px;mso-line-height-rule:exactly;\\"><v:rect style=\\"width:600px;\\" xmlns:v=\\"urn:schemas-microsoft-com:vml\\" fill=\\"true\\" stroke=\\"false\\"><v:fill origin=\\"0, -0.5\\" position=\\"0, -0.5\\" src=\\"http://1.bp.blogspot.com/-TPrfhxbYpDY/Uh3Refzk02I/AAAAAAAALw8/5sUJ0UUGYuw/s1600/New+York+in+The+1960's+-+70's+(2).jpg\\" type=\\"frame\\" size=\\"1,1\\" aspect=\\"atleast\\" /><v:textbox style=\\"mso-fit-shape-to-text:true\\" inset=\\"0,0,0,0\\"><![endif]-->
          
      <div  style=\\"background:url('http://1.bp.blogspot.com/-TPrfhxbYpDY/Uh3Refzk02I/AAAAAAAALw8/5sUJ0UUGYuw/s1600/New+York+in+The+1960's+-+70's+(2).jpg') center top / cover no-repeat;background-position:center top;background-repeat:no-repeat;background-size:cover;margin:0px auto;max-width:600px;\\">
        <div  style=\\"line-height:0;font-size:0;\\">
        <table
           align=\\"center\\" background=\\"http://1.bp.blogspot.com/-TPrfhxbYpDY/Uh3Refzk02I/AAAAAAAALw8/5sUJ0UUGYuw/s1600/New+York+in+The+1960's+-+70's+(2).jpg\\" border=\\"0\\" cellpadding=\\"0\\" cellspacing=\\"0\\" role=\\"presentation\\" style=\\"background:url('http://1.bp.blogspot.com/-TPrfhxbYpDY/Uh3Refzk02I/AAAAAAAALw8/5sUJ0UUGYuw/s1600/New+York+in+The+1960's+-+70's+(2).jpg') center top / cover no-repeat;background-position:center top;background-repeat:no-repeat;background-size:cover;width:100%;\\"
        >
          <tbody>
            <tr>
              <td
                 style=\\"direction:ltr;font-size:0px;padding:20px 0;text-align:center;\\"
              >
                <!--[if mso | IE]><table role=\\"presentation\\" border=\\"0\\" cellpadding=\\"0\\" cellspacing=\\"0\\"><tr><td class=\\"\\" style=\\"vertical-align:top;width:600px;\\" ><![endif]-->
            
      <div
         class=\\"mj-column-per-100 mj-outlook-group-fix\\" style=\\"font-size:0px;text-align:left;direction:ltr;display:inline-block;vertical-align:top;width:100%;\\"
      >
        
      <table
         border=\\"0\\" cellpadding=\\"0\\" cellspacing=\\"0\\" role=\\"presentation\\" style=\\"vertical-align:top;\\" width=\\"100%\\"
      >
        <tbody>
          
              <tr>
                <td
                   align=\\"center\\" class=\\"slogan\\" style=\\"font-size:0px;padding:10px 25px;word-break:break-word;\\"
                >
                  
      <div
         style=\\"font-family:Helvetica Neue;font-size:40px;line-height:1;text-align:center;color:#ffffff;\\"
      >Slogan here</div>
    
                </td>
              </tr>
            
              <tr>
                <td
                   align=\\"center\\" vertical-align=\\"middle\\" style=\\"font-size:0px;padding:10px 25px;word-break:break-word;\\"
                >
                  
      <table
         border=\\"0\\" cellpadding=\\"0\\" cellspacing=\\"0\\" role=\\"presentation\\" style=\\"border-collapse:separate;line-height:100%;\\"
      >
        <tbody>
          <tr>
            <td
               align=\\"center\\" bgcolor=\\"#F63A4D\\" role=\\"presentation\\" style=\\"border:none;border-radius:3px;cursor:auto;mso-padding-alt:10px 25px;background:#F63A4D;\\" valign=\\"middle\\"
            >
              <a
                 href=\\"#\\" style=\\"display:inline-block;background:#F63A4D;color:#ffffff;font-family:Ubuntu, Helvetica, Arial, sans-serif;font-size:13px;font-weight:normal;line-height:120%;margin:0;text-decoration:none;text-transform:none;padding:10px 25px;mso-padding-alt:0px;border-radius:3px;\\" target=\\"_blank\\"
              >
                Promotion
              </a>
            </td>
          </tr>
        </tbody>
      </table>
    
                </td>
              </tr>
            
        </tbody>
      </table>
    
      </div>
    
          <!--[if mso | IE]></td></tr></table><![endif]-->
              </td>
            </tr>
          </tbody>
        </table>
        </div>
      </div>
    
        <!--[if mso | IE]></v:textbox></v:rect></td></tr></table><![endif]-->
    
    <!-- Intro text -->
      
      <!--[if mso | IE]><table align=\\"center\\" border=\\"0\\" cellpadding=\\"0\\" cellspacing=\\"0\\" class=\\"\\" role=\\"presentation\\" style=\\"width:600px;\\" width=\\"600\\" bgcolor=\\"#ffe9f7\\" ><tr><td style=\\"line-height:0px;font-size:0px;mso-line-height-rule:exactly;\\"><![endif]-->
    
      
      <div  style=\\"background:#ffe9f7;background-color:#ffe9f7;margin:0px auto;max-width:600px;\\">
        
        <table
           align=\\"center\\" border=\\"0\\" cellpadding=\\"0\\" cellspacing=\\"0\\" role=\\"presentation\\" style=\\"background:#ffe9f7;background-color:#ffe9f7;width:100%;\\"
        >
          <tbody>
            <tr>
              <td
                 style=\\"direction:ltr;font-size:0px;padding:10px;text-align:center;\\"
              >
                <!--[if mso | IE]><table role=\\"presentation\\" border=\\"0\\" cellpadding=\\"0\\" cellspacing=\\"0\\"><tr><td class=\\"\\" width=\\"600px\\" ><table align=\\"center\\" border=\\"0\\" cellpadding=\\"0\\" cellspacing=\\"0\\" class=\\"\\" role=\\"presentation\\" style=\\"width:580px;\\" width=\\"580\\" bgcolor=\\"#eaeffa\\" ><tr><td style=\\"line-height:0px;font-size:0px;mso-line-height-rule:exactly;\\"><![endif]-->
    
      
      <div  style=\\"background:#eaeffa;background-color:#eaeffa;margin:0px auto;max-width:580px;\\">
        
        <table
           align=\\"center\\" border=\\"0\\" cellpadding=\\"0\\" cellspacing=\\"0\\" role=\\"presentation\\" style=\\"background:#eaeffa;background-color:#eaeffa;width:100%;\\"
        >
          <tbody>
            <tr>
              <td
                 style=\\"direction:ltr;font-size:0px;padding:20px 0;text-align:center;\\"
              >
                <!--[if mso | IE]><table role=\\"presentation\\" border=\\"0\\" cellpadding=\\"0\\" cellspacing=\\"0\\"><tr><td class=\\"\\" style=\\"width:580px;\\" ><![endif]-->
            
      <div
         class=\\"mj-column-per-100 mj-outlook-group-fix\\" style=\\"font-size:0;line-height:0;text-align:left;display:inline-block;width:100%;direction:ltr;background-color:#fffadd;\\"
      >
        <!--[if mso | IE]><table bgcolor=\\"#fffadd\\" border=\\"0\\" cellpadding=\\"0\\" cellspacing=\\"0\\" role=\\"presentation\\" ><tr><td style=\\"vertical-align:top;width:580px;\\" ><![endif]-->
                
      <div
         class=\\"mj-column-per-100 mj-outlook-group-fix\\" style=\\"font-size:0px;text-align:left;direction:ltr;display:inline-block;vertical-align:top;width:100%;\\"
      >
        
      <table
         border=\\"0\\" cellpadding=\\"0\\" cellspacing=\\"0\\" role=\\"presentation\\" style=\\"vertical-align:top;\\" width=\\"100%\\"
      >
        <tbody>
          
              <tr>
                <td
                   align=\\"left\\" style=\\"font-size:0px;padding:10px 25px;word-break:break-word;\\"
                >
                  
      <div
         style=\\"font-family:Helvetica Neue;font-size:20px;font-style:italic;line-height:1;text-align:left;color:#626262;\\"
      >My Awesome Text</div>
    
                </td>
              </tr>
            
              <tr>
                <td
                   align=\\"left\\" style=\\"font-size:0px;padding:10px 25px;word-break:break-word;\\"
                >
                  
      <div
         style=\\"font-family:Ubuntu, Helvetica, Arial, sans-serif;font-size:13px;line-height:1;text-align:left;color:#525252;\\"
      >Lorem ipsum dolor sit amet, consectetur adipiscing elit. Proin rutrum enim eget magna efficitur, eu semper augue semper.
                  Aliquam erat volutpat. Cras id dui lectus. Vestibulum sed finibus lectus, sit amet suscipit nibh. Proin nec
                  commodo purus. Sed eget nulla elit. Nulla aliquet mollis faucibus.</div>
    
                </td>
              </tr>
            
              <tr>
                <td
                   align=\\"center\\" vertical-align=\\"middle\\" style=\\"font-size:0px;padding:10px 25px;word-break:break-word;\\"
                >
                  
      <table
         border=\\"0\\" cellpadding=\\"0\\" cellspacing=\\"0\\" role=\\"presentation\\" style=\\"border-collapse:separate;line-height:100%;\\"
      >
        <tbody>
          <tr>
            <td
               align=\\"center\\" bgcolor=\\"#F45E43\\" role=\\"presentation\\" style=\\"border:none;border-radius:3px;cursor:auto;mso-padding-alt:10px 25px;background:#F45E43;\\" valign=\\"middle\\"
            >
              <a
                 href=\\"#\\" style=\\"display:inline-block;background:#F45E43;color:#ffffff;font-family:Ubuntu, Helvetica, Arial, sans-serif;font-size:13px;font-weight:normal;line-height:120%;margin:0;text-decoration:none;text-transform:none;padding:10px 25px;mso-padding-alt:0px;border-radius:3px;\\" target=\\"_blank\\"
              >
                Learn more
              </a>
            </td>
          </tr>
        </tbody>
      </table>
    
                </td>
              </tr>
            
        </tbody>
      </table>
    
      </div>
    
              <!--[if mso | IE]></td></tr></table><![endif]-->
      </div>
    
          <!--[if mso | IE]></td></tr></table><![endif]-->
              </td>
            </tr>
          </tbody>
        </table>
        
      </div>
    
      
      <!--[if mso | IE]></td></tr></table></td></tr></table><![endif]-->
              </td>
            </tr>
          </tbody>
        </table>
        
      </div>
    
      
      <!--[if mso | IE]></td></tr></table><![endif]-->
    
    <!-- Side image -->
      
      <!--[if mso | IE]><table align=\\"center\\" border=\\"0\\" cellpadding=\\"0\\" cellspacing=\\"0\\" class=\\"\\" role=\\"presentation\\" style=\\"width:600px;\\" width=\\"600\\" bgcolor=\\"white\\" ><tr><td style=\\"line-height:0px;font-size:0px;mso-line-height-rule:exactly;\\"><![endif]-->
    
      
      <div  style=\\"background:white;background-color:white;margin:0px auto;max-width:600px;\\">
        
        <table
           align=\\"center\\" border=\\"0\\" cellpadding=\\"0\\" cellspacing=\\"0\\" role=\\"presentation\\" style=\\"background:white;background-color:white;width:100%;\\"
        >
          <tbody>
            <tr>
              <td
                 style=\\"direction:ltr;font-size:0px;padding:20px 0;text-align:center;\\"
              >
                <!--[if mso | IE]><table role=\\"presentation\\" border=\\"0\\" cellpadding=\\"0\\" cellspacing=\\"0\\"><tr><td class=\\"\\" style=\\"vertical-align:top;width:300px;\\" ><![endif]-->
            
      <div
         class=\\"mj-column-per-50 mj-outlook-group-fix\\" style=\\"font-size:0px;text-align:left;direction:ltr;display:inline-block;vertical-align:top;width:100%;\\"
      >
        
      <table
         border=\\"0\\" cellpadding=\\"0\\" cellspacing=\\"0\\" role=\\"presentation\\" style=\\"vertical-align:top;\\" width=\\"100%\\"
      >
        <tbody>
          
              <tr>
                <td
                   align=\\"center\\" style=\\"font-size:0px;padding:10px 25px;word-break:break-word;\\"
                >
                  
      <table
         border=\\"0\\" cellpadding=\\"0\\" cellspacing=\\"0\\" role=\\"presentation\\" style=\\"border-collapse:collapse;border-spacing:0px;\\"
      >
        <tbody>
          <tr>
            <td  style=\\"width:200px;\\">
              
      <img
         src=\\"https://designspell.files.wordpress.com/2012/01/sciolino-paris-bw.jpg\\" style=\\"border:0;display:block;outline:none;text-decoration:none;height:auto;width:100%;font-size:13px;\\" width=\\"200\\" height=\\"auto\\"
      />
    
            </td>
          </tr>
        </tbody>
      </table>
    
                </td>
              </tr>
            
        </tbody>
      </table>
    
      </div>
    
          <!--[if mso | IE]></td><td class=\\"\\" style=\\"vertical-align:top;width:300px;\\" ><![endif]-->
            
      <div
         class=\\"mj-column-per-50 mj-outlook-group-fix\\" style=\\"font-size:0px;text-align:left;direction:ltr;display:inline-block;vertical-align:top;width:100%;\\"
      >
        
      <table
         border=\\"0\\" cellpadding=\\"0\\" cellspacing=\\"0\\" role=\\"presentation\\" style=\\"vertical-align:top;\\" width=\\"100%\\"
      >
        <tbody>
          
              <tr>
                <td
                   align=\\"left\\" style=\\"font-size:0px;padding:10px 25px;word-break:break-word;\\"
                >
                  
      <div
         style=\\"font-family:Helvetica Neue;font-size:20px;font-style:italic;line-height:1;text-align:left;color:#626262;\\"
      >Find amazing places ...</div>
    
                </td>
              </tr>
            
              <tr>
                <td
                   align=\\"left\\" style=\\"font-size:0px;padding:10px 25px;word-break:break-word;\\"
                >
                  
      <div
         style=\\"font-family:Ubuntu, Helvetica, Arial, sans-serif;font-size:13px;line-height:1;text-align:left;color:#525252;\\"
      >Lorem ipsum dolor sit amet, consectetur adipiscing elit. Proin rutrum enim eget magna efficitur, eu semper augue semper.
              Aliquam erat volutpat. Cras id dui lectus. Vestibulum sed finibus lectus.</div>
    
                </td>
              </tr>
            
        </tbody>
      </table>
    
      </div>
    
          <!--[if mso | IE]></td></tr></table><![endif]-->
              </td>
            </tr>
          </tbody>
        </table>
        
      </div>
    
      
      <!--[if mso | IE]></td></tr></table><table align=\\"center\\" border=\\"0\\" cellpadding=\\"0\\" cellspacing=\\"0\\" class=\\"\\" role=\\"presentation\\" style=\\"width:600px;\\" width=\\"600\\" ><tr><td style=\\"line-height:0px;font-size:0px;mso-line-height-rule:exactly;\\"><![endif]-->
    
      
      <div  style=\\"margin:0px auto;max-width:600px;\\">
        
        <table
           align=\\"center\\" border=\\"0\\" cellpadding=\\"0\\" cellspacing=\\"0\\" role=\\"presentation\\" style=\\"width:100%;\\"
        >
          <tbody>
            <tr>
              <td
                 style=\\"direction:ltr;font-size:0px;padding:20px 0;text-align:center;\\"
              >
                <!--[if mso | IE]><table role=\\"presentation\\" border=\\"0\\" cellpadding=\\"0\\" cellspacing=\\"0\\"><tr><td class=\\"\\" style=\\"vertical-align:top;width:600px;\\" ><![endif]-->
            
      <div
         class=\\"mj-column-per-100 mj-outlook-group-fix\\" style=\\"font-size:0px;text-align:left;direction:ltr;display:inline-block;vertical-align:top;width:100%;\\"
      >
        
      <table
         border=\\"0\\" cellpadding=\\"0\\" cellspacing=\\"0\\" role=\\"presentation\\" style=\\"vertical-align:top;\\" width=\\"100%\\"
      >
        <tbody>
          
              <tr>
                <td
                   align=\\"center\\" style=\\"font-size:0px;padding:10px 25px;word-break:break-word;\\"
                >
                  
      <div
         style=\\"font-family:Helvetica Neue;font-size:20px;font-style:italic;line-height:1;text-align:center;color:#626262;\\"
      >... with real-life images</div>
    
                </td>
              </tr>
            
        </tbody>
      </table>
    
      </div>
    
          <!--[if mso | IE]></td></tr></table><![endif]-->
              </td>
            </tr>
          </tbody>
        </table>
        
      </div>
    
      
      <!--[if mso | IE]></td></tr></table><![endif]-->
    
    <div class=\\"container\\"><img src=\\"https://source.unsplash.com/random/200x141?random\\" alt=\\"Example image\\" class=\\"item\\"/><img src=\\"https://source.unsplash.com/random/200x142?random\\" alt=\\"Example image\\" class=\\"item\\"/><img src=\\"https://source.unsplash.com/random/200x143?random\\" alt=\\"Example image\\" class=\\"item\\"/><img src=\\"https://source.unsplash.com/random/200x144?random\\" alt=\\"Example image\\" class=\\"item\\"/><img src=\\"https://source.unsplash.com/random/200x145?random\\" alt=\\"Example image\\" class=\\"item\\"/><img src=\\"https://source.unsplash.com/random/200x146?random\\" alt=\\"Example image\\" class=\\"item\\"/></div><!-- Icons -->
      
      <!--[if mso | IE]><table align=\\"center\\" border=\\"0\\" cellpadding=\\"0\\" cellspacing=\\"0\\" class=\\"\\" role=\\"presentation\\" style=\\"width:600px;\\" width=\\"600\\" bgcolor=\\"#fbfbfb\\" ><tr><td style=\\"line-height:0px;font-size:0px;mso-line-height-rule:exactly;\\"><![endif]-->
    
      
      <div  style=\\"background:#fbfbfb;background-color:#fbfbfb;margin:0px auto;max-width:600px;\\">
        
        <table
           align=\\"center\\" border=\\"0\\" cellpadding=\\"0\\" cellspacing=\\"0\\" role=\\"presentation\\" style=\\"background:#fbfbfb;background-color:#fbfbfb;width:100%;\\"
        >
          <tbody>
            <tr>
              <td
                 style=\\"direction:ltr;font-size:0px;padding:20px 0;text-align:center;\\"
              >
                <!--[if mso | IE]><table role=\\"presentation\\" border=\\"0\\" cellpadding=\\"0\\" cellspacing=\\"0\\"><tr><td class=\\"\\" style=\\"vertical-align:top;width:200px;\\" ><![endif]-->
            
      <div
         class=\\"mj-column-per-33-333333333333336 mj-outlook-group-fix\\" style=\\"font-size:0px;text-align:left;direction:ltr;display:inline-block;vertical-align:top;width:100%;\\"
      >
        
      <table
         border=\\"0\\" cellpadding=\\"0\\" cellspacing=\\"0\\" role=\\"presentation\\" style=\\"vertical-align:top;\\" width=\\"100%\\"
      >
        <tbody>
          
              <tr>
                <td
                   align=\\"center\\" style=\\"font-size:0px;padding:10px 25px;word-break:break-word;\\"
                >
                  
      <table
         border=\\"0\\" cellpadding=\\"0\\" cellspacing=\\"0\\" role=\\"presentation\\" style=\\"border-collapse:collapse;border-spacing:0px;\\"
      >
        <tbody>
          <tr>
            <td  style=\\"width:100px;\\">
              
      <img
         src=\\"http://191n.mj.am/img/191n/3s/x0l.png\\" style=\\"border:0;display:block;outline:none;text-decoration:none;height:auto;width:100%;font-size:13px;\\" width=\\"100\\" height=\\"auto\\"
      />
    
            </td>
          </tr>
        </tbody>
      </table>
    
                </td>
              </tr>
            
        </tbody>
      </table>
    
      </div>
    
          <!--[if mso | IE]></td><td class=\\"\\" style=\\"vertical-align:top;width:200px;\\" ><![endif]-->
            
      <div
         class=\\"mj-column-per-33-333333333333336 mj-outlook-group-fix\\" style=\\"font-size:0px;text-align:left;direction:ltr;display:inline-block;vertical-align:top;width:100%;\\"
      >
        
      <table
         border=\\"0\\" cellpadding=\\"0\\" cellspacing=\\"0\\" role=\\"presentation\\" style=\\"vertical-align:top;\\" width=\\"100%\\"
      >
        <tbody>
          
              <tr>
                <td
                   align=\\"center\\" style=\\"font-size:0px;padding:10px 25px;word-break:break-word;\\"
                >
                  
      <table
         border=\\"0\\" cellpadding=\\"0\\" cellspacing=\\"0\\" role=\\"presentation\\" style=\\"border-collapse:collapse;border-spacing:0px;\\"
      >
        <tbody>
          <tr>
            <td  style=\\"width:100px;\\">
              
      <img
         src=\\"http://191n.mj.am/img/191n/3s/x01.png\\" style=\\"border:0;display:block;outline:none;text-decoration:none;height:auto;width:100%;font-size:13px;\\" width=\\"100\\" height=\\"auto\\"
      />
    
            </td>
          </tr>
        </tbody>
      </table>
    
                </td>
              </tr>
            
        </tbody>
      </table>
    
      </div>
    
          <!--[if mso | IE]></td><td class=\\"\\" style=\\"vertical-align:top;width:200px;\\" ><![endif]-->
            
      <div
         class=\\"mj-column-per-33-333333333333336 mj-outlook-group-fix\\" style=\\"font-size:0px;text-align:left;direction:ltr;display:inline-block;vertical-align:top;width:100%;\\"
      >
        
      <table
         border=\\"0\\" cellpadding=\\"0\\" cellspacing=\\"0\\" role=\\"presentation\\" style=\\"vertical-align:top;\\" width=\\"100%\\"
      >
        <tbody>
          
              <tr>
                <td
                   align=\\"center\\" style=\\"font-size:0px;padding:10px 25px;word-break:break-word;\\"
                >
                  
      <table
         border=\\"0\\" cellpadding=\\"0\\" cellspacing=\\"0\\" role=\\"presentation\\" style=\\"border-collapse:collapse;border-spacing:0px;\\"
      >
        <tbody>
          <tr>
            <td  style=\\"width:100px;\\">
              
      <img
         src=\\"http://191n.mj.am/img/191n/3s/x0s.png\\" style=\\"border:0;display:block;outline:none;text-decoration:none;height:auto;width:100%;font-size:13px;\\" width=\\"100\\" height=\\"auto\\"
      />
    
            </td>
          </tr>
        </tbody>
      </table>
    
                </td>
              </tr>
            
        </tbody>
      </table>
    
      </div>
    
          <!--[if mso | IE]></td></tr></table><![endif]-->
              </td>
            </tr>
          </tbody>
        </table>
        
      </div>
    
      
      <!--[if mso | IE]></td></tr></table><![endif]-->
    
    <!-- Footer -->
      
      <!--[if mso | IE]><table align=\\"center\\" border=\\"0\\" cellpadding=\\"0\\" cellspacing=\\"0\\" class=\\"\\" role=\\"presentation\\" style=\\"width:600px;\\" width=\\"600\\" bgcolor=\\"#e7e7e7\\" ><tr><td style=\\"line-height:0px;font-size:0px;mso-line-height-rule:exactly;\\"><![endif]-->
    
      
      <div  style=\\"background:#e7e7e7;background-color:#e7e7e7;margin:0px auto;max-width:600px;\\">
        
        <table
           align=\\"center\\" border=\\"0\\" cellpadding=\\"0\\" cellspacing=\\"0\\" role=\\"presentation\\" style=\\"background:#e7e7e7;background-color:#e7e7e7;width:100%;\\"
        >
          <tbody>
            <tr>
              <td
                 style=\\"direction:ltr;font-size:0px;padding:20px 0;text-align:center;\\"
              >
                <!--[if mso | IE]><table role=\\"presentation\\" border=\\"0\\" cellpadding=\\"0\\" cellspacing=\\"0\\"><tr><td class=\\"\\" style=\\"vertical-align:top;width:600px;\\" ><![endif]-->
            
      <div
         class=\\"mj-column-per-100 mj-outlook-group-fix\\" style=\\"font-size:0px;text-align:left;direction:ltr;display:inline-block;vertical-align:top;width:100%;\\"
      >
        
      <table
         border=\\"0\\" cellpadding=\\"0\\" cellspacing=\\"0\\" role=\\"presentation\\" style=\\"vertical-align:top;\\" width=\\"100%\\"
      >
        <tbody>
          
              <tr>
                <td
                   align=\\"center\\" vertical-align=\\"middle\\" style=\\"font-size:0px;padding:10px 25px;word-break:break-word;\\"
                >
                  
      <table
         border=\\"0\\" cellpadding=\\"0\\" cellspacing=\\"0\\" role=\\"presentation\\" style=\\"border-collapse:separate;line-height:100%;\\"
      >
        <tbody>
          <tr>
            <td
               align=\\"center\\" bgcolor=\\"#414141\\" role=\\"presentation\\" style=\\"border:none;border-radius:3px;cursor:auto;mso-padding-alt:10px 25px;background:#414141;\\" valign=\\"middle\\"
            >
              <a
                 href=\\"#\\" style=\\"display:inline-block;background:#414141;color:#ffffff;font-family:Ubuntu, Helvetica, Arial, sans-serif;font-size:13px;font-weight:normal;line-height:120%;margin:0;text-decoration:none;text-transform:none;padding:10px 25px;mso-padding-alt:0px;border-radius:3px;\\" target=\\"_blank\\"
              >
                Hello There!
              </a>
            </td>
          </tr>
        </tbody>
      </table>
    
                </td>
              </tr>
            
              <tr>
                <td
                   align=\\"center\\" style=\\"font-size:0px;padding:10px 25px;word-break:break-word;\\"
                >
                  
      
     <!--[if mso | IE]><table align=\\"center\\" border=\\"0\\" cellpadding=\\"0\\" cellspacing=\\"0\\" role=\\"presentation\\" ><tr><td><![endif]-->
              <table
                 align=\\"center\\" border=\\"0\\" cellpadding=\\"0\\" cellspacing=\\"0\\" role=\\"presentation\\" style=\\"float:none;display:inline-table;\\"
              >
                <tbody>
                  
      <tr
        
      >
        <td  style=\\"padding:4px;vertical-align:middle;\\">
          <table
             border=\\"0\\" cellpadding=\\"0\\" cellspacing=\\"0\\" role=\\"presentation\\" style=\\"background:#3b5998;border-radius:3px;width:30px;\\"
          >
            <tbody>
              <tr>
                <td  style=\\"font-size:0;height:30px;vertical-align:middle;width:30px;\\">
                  <a  href=\\"https://www.facebook.com/sharer/sharer.php?u=https://mjml.io/\\" target=\\"_blank\\">
                    <img
                       height=\\"30\\" src=\\"https://www.mailjet.com/images/theme/v1/icons/ico-social/facebook.png\\" style=\\"border-radius:3px;display:block;\\" width=\\"30\\"
                    />
                  </a>
                </td>
              </tr>
            </tbody>
          </table>
        </td>
        
          <td  style=\\"vertical-align:middle;padding:4px 4px 4px 0;\\">
            <a
                 href=\\"https://www.facebook.com/sharer/sharer.php?u=https://mjml.io/\\" style=\\"color:#333333;font-size:15px;font-family:Ubuntu, Helvetica, Arial, sans-serif;line-height:22px;text-decoration:none;\\" target=\\"_blank\\">
              Facebook
            </a>
          </td>
          
      </tr>
    
                </tbody>
              </table>
            <!--[if mso | IE]></td><td><![endif]-->
              <table
                 align=\\"center\\" border=\\"0\\" cellpadding=\\"0\\" cellspacing=\\"0\\" role=\\"presentation\\" style=\\"float:none;display:inline-table;\\"
              >
                <tbody>
                  
      <tr
        
      >
        <td  style=\\"padding:4px;vertical-align:middle;\\">
          <table
             border=\\"0\\" cellpadding=\\"0\\" cellspacing=\\"0\\" role=\\"presentation\\" style=\\"background:#dc4e41;border-radius:3px;width:30px;\\"
          >
            <tbody>
              <tr>
                <td  style=\\"font-size:0;height:30px;vertical-align:middle;width:30px;\\">
                  <a  href=\\"https://plus.google.com/share?url=https://mjml.io/\\" target=\\"_blank\\">
                    <img
                       height=\\"30\\" src=\\"https://www.mailjet.com/images/theme/v1/icons/ico-social/google-plus.png\\" style=\\"border-radius:3px;display:block;\\" width=\\"30\\"
                    />
                  </a>
                </td>
              </tr>
            </tbody>
          </table>
        </td>
        
          <td  style=\\"vertical-align:middle;padding:4px 4px 4px 0;\\">
            <a
                 href=\\"https://plus.google.com/share?url=https://mjml.io/\\" style=\\"color:#333333;font-size:15px;font-family:Ubuntu, Helvetica, Arial, sans-serif;line-height:22px;text-decoration:none;\\" target=\\"_blank\\">
              Google
            </a>
          </td>
          
      </tr>
    
                </tbody>
              </table>
            <!--[if mso | IE]></td><td><![endif]-->
              <table
                 align=\\"center\\" border=\\"0\\" cellpadding=\\"0\\" cellspacing=\\"0\\" role=\\"presentation\\" style=\\"float:none;display:inline-table;\\"
              >
                <tbody>
                  
      <tr
        
      >
        <td  style=\\"padding:4px;vertical-align:middle;\\">
          <table
             border=\\"0\\" cellpadding=\\"0\\" cellspacing=\\"0\\" role=\\"presentation\\" style=\\"background:#55acee;border-radius:3px;width:30px;\\"
          >
            <tbody>
              <tr>
                <td  style=\\"font-size:0;height:30px;vertical-align:middle;width:30px;\\">
                  <a  href=\\"https://twitter.com/intent/tweet?url=https://mjml.io/\\" target=\\"_blank\\">
                    <img
                       height=\\"30\\" src=\\"https://www.mailjet.com/images/theme/v1/icons/ico-social/twitter.png\\" style=\\"border-radius:3px;display:block;\\" width=\\"30\\"
                    />
                  </a>
                </td>
              </tr>
            </tbody>
          </table>
        </td>
        
          <td  style=\\"vertical-align:middle;padding:4px 4px 4px 0;\\">
            <a
                 href=\\"https://twitter.com/intent/tweet?url=https://mjml.io/\\" style=\\"color:#333333;font-size:15px;font-family:Ubuntu, Helvetica, Arial, sans-serif;line-height:22px;text-decoration:none;\\" target=\\"_blank\\">
              Twitter
            </a>
          </td>
          
      </tr>
    
                </tbody>
              </table>
            <!--[if mso | IE]></td></tr></table><![endif]-->
    
    
                </td>
              </tr>
            
        </tbody>
      </table>
    
      </div>
    
          <!--[if mso | IE]></td></tr></table><![endif]-->
              </td>
            </tr>
          </tbody>
        </table>
        
      </div>
    
      
      <!--[if mso | IE]></td></tr></table><![endif]-->
    
    <!-- Footer -->
      </div>
    
  </body>
</html>
  "
`;
